// Jest Snapshot v1, https://goo.gl/fbAQLP

exports[` Component should render the NavBar 1`] = `
<nav
  className="navbarbg"
>
  <div>
    <div
      className="nav-wrapper"
      id="iconRight"
    >
      <div
        className="Logo"
      >
        <i
          className="far fa-play-circle"
        />
            
        <a
          className="brand-logo"
          href="/"
        >
          LearnGround
        </a>
      </div>
      <div
        className="categories"
      >
        <ul
          className="right hide-on-med-and-down"
        >
          <li>
            <Link
              replace={false}
              to="/subject"
            >
              Science
            </Link>
          </li>
          <li>
            <Link
              replace={false}
              to="/subject"
            >
              Technology
            </Link>
          </li>
          <li>
            <Link
              replace={false}
              to="/subject"
            >
              Engineering
            </Link>
          </li>
          <li>
            <Link
              replace={false}
              to="/subject"
            >
              Arts
            </Link>
          </li>
          <li>
            <Link
              replace={false}
              to="/subject"
            >
              Mathematics
            </Link>
          </li>
        </ul>
        <a
          className="sidenav-trigger"
          data-target="mobile-demo"
          href="#!"
        >
          <i
            className="material-icons"
          >
            menu
          </i>
        </a>
      </div>
      <div
        className="hide-on-med-and-down show"
      >
        <ul>
          <li />
          <li>
            <Link
              replace={false}
              to="/login"
            >
              SignIn
            </Link>
          </li>
          <li>
            |
          </li>
          <li>
            <Link
              replace={false}
              to="/signup"
            >
              SignUp
            </Link>
          </li>
        </ul>
      </div>
    </div>
  </div>
  <ul
    className="sidenav"
    id="mobile-demo"
  >
    <li>
      <a
        href="#!"
      >
        Science
      </a>
    </li>
    <li>
      <a
        href="#!"
      >
        Technology
      </a>
    </li>
    <li>
      <a
        href="#!"
      >
        Engineering
      </a>
    </li>
    <li>
      <a
        href="#!"
      >
        Arts
      </a>
    </li>
    <li>
      <a
        href="#!"
      >
        Mathematics
      </a>
    </li>
    <li>
      <a
        href="#!"
      >
        SignIn
      </a>
    </li>
    <li>
      |
    </li>
    <li>
      <a
        href="#!"
      >
        SignUp
      </a>
    </li>
  </ul>
</nav>
`;
