// Jest Snapshot v1, https://goo.gl/fbAQLP

exports[`App should render App 1`] = `
<BrowserRouter>
  <Connect(NavbarComponent) />
  <Switch>
    <Route
      component={[Function]}
      exact={true}
      path="/"
    />
    <Route
      component={[Function]}
      exact={true}
      path="/signup"
    />
    <Route
      component={[Function]}
      exact={true}
      path="/profile"
    />
    <Route
      component={[Function]}
      exact={true}
      path="/login"
    />
    <Route
      component={[Function]}
      exact={true}
      path="/subject"
    />
    <Route
      component={[Function]}
      exact={true}
      path="/articles"
    />
    <Route
      component={[Function]}
      exact={true}
      path="/resetpassword"
    />
    <Route
      component={[Function]}
      exact={true}
      path="/newpassword"
    />
    <Route
      component={[Function]}
      exact={true}
      path="/create-article"
    />
  </Switch>
  <Footer />
</BrowserRouter>
`;
